// Jest Snapshot v1, https://goo.gl/fbAQLP

exports[`Testing Header Header rendered correctly 1`] = `ShallowWrapper {}`;
